// Jest Snapshot v1, https://goo.gl/fbAQLP

exports[`Testimonials1 should match snapshot 1`] = `
<div
  className="w-full h-full max-w-content mx-auto flex items-stretch"
  data-testid="box"
>
  <div
    className="flex flex-col md:flex-row ml-8 mr-4 my-8 md:my-20 md:mx-24"
    data-testid="testimonial1"
  >
    <div
      className="w-40 h-40 md:w-64 md:h-64 md:mr-12"
    >
      <picture
        className="select-none"
      >
        <source
          className="select-none h-full object-cover"
          data-testid="image"
          srcSet="https://images.ctfassets.net/o9153kt66j4s/6Ru9unmOhMXrFwKtLV2SRU/7c902fd189741be40f5fef77340cbf1d/placeholder.svg?fm=webp"
          type="image/webp"
        />
        <img
          alt="Image Title"
          className="select-none h-full object-cover"
          src="https://images.ctfassets.net/o9153kt66j4s/6Ru9unmOhMXrFwKtLV2SRU/7c902fd189741be40f5fef77340cbf1d/placeholder.svg"
        />
      </picture>
    </div>
    <div
      className="flex flex-col self-center text-left md:flex-row md:flex-1"
    >
      <div
        className="mt-3 mr-4 md:mt-0"
      >
        <svg
          data-testid="icon"
          height="50px"
          viewBox="0 0 24 24"
          width="50px"
        >
          <path
            d="M6 17h3l2-4V7H5v6h3zm8 0h3l2-4V7h-6v6h3z"
          />
        </svg>
      </div>
      <div
        className="pt-3"
      >
        <p
          className="typo-headline-5 font-bold"
          data-testid="typography"
        >
          Lorem ipsum dolor sit amet consectetur adipisicing elit. Repudiandae aut, omnis, maxime rem, cum similique repellendus hic impedit totam magnam deserunt voluptatum quia! Blanditiis repellendus sit debitis doloribus, totam minima?
        </p>
        <div
          className="mt-4"
        >
          <span
            className="typo-body mr-2"
            data-testid="typography"
          >
            Testing author,
          </span>
          <span
            className="typo-body text-gray-500"
            data-testid="typography"
          >
            Testing profession.
          </span>
        </div>
      </div>
    </div>
  </div>
</div>
`;
