// Jest Snapshot v1, https://goo.gl/fbAQLP

exports[`Testimonials4 should match snapshot 1`] = `
<div
  className="flex flex-col p-10 rounded shadow-lg"
  data-testid="testimonial4"
>
  <div
    className="flex items-center mb-8"
  >
    <picture
      className="select-none mr-6"
    >
      <source
        className="select-none w-20 h-20 rounded-full object-cover"
        data-testid="image"
        srcSet="https://images.ctfassets.net/o9153kt66j4s/6Ru9unmOhMXrFwKtLV2SRU/7c902fd189741be40f5fef77340cbf1d/placeholder.svg?fm=webp"
        type="image/webp"
      />
      <img
        alt="Image Title"
        className="select-none w-20 h-20 rounded-full object-cover"
        src="https://images.ctfassets.net/o9153kt66j4s/6Ru9unmOhMXrFwKtLV2SRU/7c902fd189741be40f5fef77340cbf1d/placeholder.svg"
      />
    </picture>
    <div
      className="align-middle"
    >
      <h6
        className="typo-headline-6"
        data-testid="typography"
      >
        Testing author,
      </h6>
      <p
        className="typo-body text-gray-500"
        data-testid="typography"
      >
        Testing profession.
      </p>
    </div>
  </div>
  <p
    className="typo-body text-left mb-12"
    data-testid="typography"
  >
    Lorem ipsum dolor sit amet consectetur adipisicing elit. Repudiandae aut, omnis, maxime rem, cum similique repellendus hic impedit totam magnam deserunt voluptatum quia! Blanditiis repellendus sit debitis doloribus, totam minima?
  </p>
  <div
    className="flex justify-end"
  >
    <svg
      data-testid="icon"
      height="50px"
      viewBox="0 0 24 24"
      width="50px"
    >
      <path
        d="M6 17h3l2-4V7H5v6h3zm8 0h3l2-4V7h-6v6h3z"
      />
    </svg>
  </div>
</div>
`;
