// Jest Snapshot v1, https://goo.gl/fbAQLP

exports[`PricingPlan1 should match snapshot 1`] = `
<div
  className="rounded shadow-lg px-6 py-8"
  data-testid="pricing_plan1"
>
  <div
    className="flex justify-between items-center"
  >
    <h5
      className="typo-headline-5 font-bold"
      data-testid="typography"
    >
      test
    </h5>
    <a
      className="flex-grow-0 text-btn"
      data-testid="link"
      href="https://www.google.com"
    >
      <picture
        className="select-none"
      >
        <source
          className="select-none h-10"
          data-testid="image"
          srcSet="https://images.ctfassets.net/o9153kt66j4s/6jk4DaIRMlx1CyOXIiLN5F/acebc0468bf2df33d069774c8e8e5bf6/Composer_-_white.svg?fm=webp"
          type="image/webp"
        />
        <img
          alt=""
          className="select-none h-10"
          src="https://images.ctfassets.net/o9153kt66j4s/6jk4DaIRMlx1CyOXIiLN5F/acebc0468bf2df33d069774c8e8e5bf6/Composer_-_white.svg"
        />
      </picture>
    </a>
  </div>
  <div
    className="flex flex-row items-baseline"
  >
    <span
      className="typo-headline-5 font-bold self-start mt-2"
      data-testid="typography"
    >
      $
    </span>
    <span
      className="typo-headline-1"
      data-testid="typography"
    >
      10
    </span>
    <span
      className="typo-headline-6 ml-2"
      data-testid="typography"
    >
      / Mo
    </span>
  </div>
  <div
    className="mt-6 mb-10"
  >
    <ul>
      <li
        className="mb-3"
      >
        <svg
          className="inline-block mr-5"
          data-testid="icon"
          height="24px"
          viewBox="0 0 24 24"
          width="24px"
        >
          <path
            d="M9 16.2L4.8 12l-1.4 1.4L9 19 21 7l-1.4-1.4L9 16.2z"
          />
        </svg>
        <span
          className="typo-body text-gray-500"
          data-testid="typography"
        >
          test 1
        </span>
      </li>
      <li
        className="mb-3"
      >
        <svg
          className="inline-block mr-5"
          data-testid="icon"
          height="24px"
          viewBox="0 0 24 24"
          width="24px"
        >
          <path
            d="M9 16.2L4.8 12l-1.4 1.4L9 19 21 7l-1.4-1.4L9 16.2z"
          />
        </svg>
        <span
          className="typo-body text-gray-500"
          data-testid="typography"
        >
          test 2
        </span>
      </li>
      <li
        className="mb-3"
      >
        <svg
          className="inline-block mr-5"
          data-testid="icon"
          height="24px"
          viewBox="0 0 24 24"
          width="24px"
        >
          <path
            d="M9 16.2L4.8 12l-1.4 1.4L9 19 21 7l-1.4-1.4L9 16.2z"
          />
        </svg>
        <span
          className="typo-body text-gray-500"
          data-testid="typography"
        >
          test 3
        </span>
      </li>
      <li
        className="mb-3"
      >
        <svg
          className="inline-block mr-5"
          data-testid="icon"
          height="24px"
          viewBox="0 0 24 24"
          width="24px"
        >
          <path
            d="M9 16.2L4.8 12l-1.4 1.4L9 19 21 7l-1.4-1.4L9 16.2z"
          />
        </svg>
        <span
          className="typo-body text-gray-500"
          data-testid="typography"
        >
          test 4
        </span>
      </li>
    </ul>
  </div>
  <a>
    test
  </a>
</div>
`;
