// Jest Snapshot v1, https://goo.gl/fbAQLP

exports[`Section should match snapshot 1`] = `
<section
  className="mb-4 foo px-4 md:px-8"
  data-testid="section"
>
  <div
    className="w-full h-full max-w-content mx-auto"
    data-testid="box"
  >
    <div>
      test title
    </div>
  </div>
  <div
    className="w-full h-full max-w-content mx-auto"
    data-testid="box"
  >
    <div>
      test subtitle
    </div>
  </div>
  <div
    className="py-8"
  >
    <div>
      test-content
    </div>
  </div>
</section>
`;
