// Jest Snapshot v1, https://goo.gl/fbAQLP

exports[`Footer3 should match snapshot 1`] = `
<div
  className="w-full h-full py-8 bg-white"
  data-testid="footer3"
>
  <div
    className="w-full h-full max-w-content mx-auto items-center flex flex-col md:flex-row"
    data-testid="box"
  >
    <div
      className="flex-none"
    />
    <div
      className="flex flex-col md:flex-row flex-1 w-full justify-end"
    >
      <div
        className="flex flex-grow-0 text-center my-4 md:my-0"
      />
    </div>
  </div>
  <div
    className="w-full h-full max-w-content mx-auto items-center flex flex-col md:flex-row justify-between md:py-32"
    data-testid="box"
  >
    <div
      className="grid w-full md:w-auto gap-8 md:gap-24 mx-4 md:mx-0 my-8 md:my-0 grid-cols-0"
      data-testid="grid"
    />
  </div>
</div>
`;
