// Jest Snapshot v1, https://goo.gl/fbAQLP

exports[`Navigation2 should match snapshot 1`] = `
<div
  className="w-full h-full py-8 bg-white"
  data-testid="box"
>
  <nav
    className="w-full h-full max-w-content mx-auto items-center flex flex-col md:flex-row"
    data-testid="navigation2"
  >
    <div
      className="flex-none"
    />
    <div
      className="flex flex-col md:flex-row flex-1 w-full justify-end items-center"
    >
      <div
        className="flex flex-grow-0 text-center my-4 mx-8 md:my-0"
      />
      <div
        className="flex"
      />
    </div>
  </nav>
</div>
`;
