// Jest Snapshot v1, https://goo.gl/fbAQLP

exports[`Footer1 should match snapshot 1`] = `
<div
  className="w-full h-full py-8 bg-white"
  data-testid="footer1"
>
  <div
    className="w-full h-full max-w-content mx-auto items-center flex flex-col md:flex-row"
    data-testid="box"
  >
    <div
      className="flex-none"
    />
    <div
      className="flex flex-col md:flex-row flex-1 w-full justify-end"
    >
      <div
        className="flex flex-grow-0 text-center my-4 md:my-0"
      />
    </div>
  </div>
</div>
`;
