// Jest Snapshot v1, https://goo.gl/fbAQLP

exports[`Footer4 should match snapshot 1`] = `
<div
  className="w-full h-full py-8 bg-white"
  data-testid="footer4"
>
  <div
    className="w-full h-full max-w-content mx-auto items-center md:items-start md:justify-between flex flex-col md:flex-row"
    data-testid="box"
  >
    <div
      className="flex flex-1 w-full md:max-w-2/3 text-center md:text-left"
    />
  </div>
  <div
    className="w-full h-full max-w-content mx-auto items-center flex flex-col md:flex-row justify-between md:py-32"
    data-testid="box"
  >
    <div
      className="flex-none"
    />
  </div>
</div>
`;
