// Jest Snapshot v1, https://goo.gl/fbAQLP

exports[`Login should match snapshot 1`] = `
<div
  className="h-screen flex items-center justify-center bg-gray-50 px-4 lg:px-8"
>
  <div
    className="max-w-md w-full"
  >
    <div>
      <h2
        className="typo-headline-4 text-center mt-8"
        data-testid="typography"
      />
    </div>
    <form
      className="mt-8"
      onSubmit={[Function]}
    >
      <input
        name="remember"
        type="hidden"
        value="true"
      />
      <div
        className="rounded-md shadow-sm"
      >
        <div>
          <input
            aria-label="Name"
            className="form-input border-outline-forms-filled focus:outline-none placeholder-outline-forms-filled focus:border-outline-forms-focus rounded-input-semi-rounded"
            disabled={false}
            name="name"
            onChange={[Function]}
            placeholder="Name"
            required={true}
            type="text"
          />
        </div>
        <div
          className="mt-2"
        >
          <input
            aria-label="Password"
            className="form-input border-outline-forms-filled focus:outline-none placeholder-outline-forms-filled focus:border-outline-forms-focus rounded-input-semi-rounded"
            disabled={false}
            name="password"
            onChange={[Function]}
            placeholder="Password"
            type="password"
          />
        </div>
      </div>
      <div
        className="mt-6 flex items-center justify-between"
      >
        <div
          className="flex items-center"
        >
          <input
            className="form-checkbox h-4 w-4 transition duration-150 ease-in-out"
            id="remember_me"
            onChange={[Function]}
            type="checkbox"
          />
          <label
            className="ml-2 block text-sm leading-5 text-gray-900"
            htmlFor="remember_me"
          >
            Remember me
          </label>
        </div>
        <div
          className="text-sm leading-5"
        >
          <a
            className="flex-grow-0 text-btn font-medium focus:outline-none focus:underline transition ease-in-out duration-150"
            data-testid="link"
          >
            Forgot your password?
          </a>
        </div>
      </div>
      <div
        className="mt-6"
      >
        <button
          className="w-full relative flex focus:outline-none primary-btn disabled:bg-states-contained-disabled disabled:pointer-events-none active:bg-states-contained-pressed hover:bg-states-contained-hover"
          data-testid="button"
          type="submit"
        >
          <span
            className="absolute left-0 px-4"
          >
            <svg
              className="fill-current"
              data-testid="icon"
              height="24px"
              viewBox="0 0 24 24"
              width="24px"
            />
          </span>
          Sign in
        </button>
      </div>
    </form>
  </div>
</div>
`;
