// Jest Snapshot v1, https://goo.gl/fbAQLP

exports[`PricingPlan3 should match snapshot 1`] = `
<div
  className="flex flex-col md:flex-row md:justify-between items-center md:px-6 py-8"
  data-testid="pricingPlan3"
>
  <div
    className="flex min-w-full justify-between items-center py-8 border-t border-b border-gray-700 md:flex-col md:min-w-0 md:items-start md:py-0 md:border-0"
  >
    <h5
      className="typo-headline-6"
      data-testid="typography"
    >
      test
    </h5>
    <div
      className="flex flex-row items-baseline"
    >
      <span
        className="typo-headline-1 font-bold"
        data-testid="typography"
      >
        $
        10
      </span>
      <span
        className="typo-body ml-2"
        data-testid="typography"
      >
        / Mo
      </span>
    </div>
  </div>
  <hr
    className="md:border md:h-20"
  />
  <div
    className="hidden md:flex justify-start min-w-full md:px-4 md:py-8  md:min-w-0 lg:p-8"
  >
    <ul>
      <li
        className="mb-3"
      >
        <svg
          className="inline-block mr-5"
          data-testid="icon"
          height="24px"
          viewBox="0 0 24 24"
          width="24px"
        >
          <path
            d="M9 16.2L4.8 12l-1.4 1.4L9 19 21 7l-1.4-1.4L9 16.2z"
          />
        </svg>
        <span
          className="typo-body text-gray-500"
          data-testid="typography"
        >
          test 1
        </span>
      </li>
      <li
        className="mb-3"
      >
        <svg
          className="inline-block mr-5"
          data-testid="icon"
          height="24px"
          viewBox="0 0 24 24"
          width="24px"
        >
          <path
            d="M9 16.2L4.8 12l-1.4 1.4L9 19 21 7l-1.4-1.4L9 16.2z"
          />
        </svg>
        <span
          className="typo-body text-gray-500"
          data-testid="typography"
        >
          test 2
        </span>
      </li>
    </ul>
    <ul>
      <li
        className="mb-3"
      >
        <svg
          className="inline-block mr-5"
          data-testid="icon"
          height="24px"
          viewBox="0 0 24 24"
          width="24px"
        >
          <path
            d="M9 16.2L4.8 12l-1.4 1.4L9 19 21 7l-1.4-1.4L9 16.2z"
          />
        </svg>
        <span
          className="typo-body text-gray-500"
          data-testid="typography"
        >
          test 3
        </span>
      </li>
      <li
        className="mb-3"
      >
        <svg
          className="inline-block mr-5"
          data-testid="icon"
          height="24px"
          viewBox="0 0 24 24"
          width="24px"
        >
          <path
            d="M9 16.2L4.8 12l-1.4 1.4L9 19 21 7l-1.4-1.4L9 16.2z"
          />
        </svg>
        <span
          className="typo-body text-gray-500"
          data-testid="typography"
        >
          test 4
        </span>
      </li>
    </ul>
  </div>
  <div
    className="md:hidden justify-start min-w-full p-8 md:min-w-0 "
  >
    <ul>
      <li
        className="mb-3"
      >
        <svg
          className="inline-block mr-5"
          data-testid="icon"
          height="24px"
          viewBox="0 0 24 24"
          width="24px"
        >
          <path
            d="M9 16.2L4.8 12l-1.4 1.4L9 19 21 7l-1.4-1.4L9 16.2z"
          />
        </svg>
        <span
          className="typo-body text-gray-500"
          data-testid="typography"
        >
          test 1
        </span>
      </li>
      <li
        className="mb-3"
      >
        <svg
          className="inline-block mr-5"
          data-testid="icon"
          height="24px"
          viewBox="0 0 24 24"
          width="24px"
        >
          <path
            d="M9 16.2L4.8 12l-1.4 1.4L9 19 21 7l-1.4-1.4L9 16.2z"
          />
        </svg>
        <span
          className="typo-body text-gray-500"
          data-testid="typography"
        >
          test 2
        </span>
      </li>
      <li
        className="mb-3"
      >
        <svg
          className="inline-block mr-5"
          data-testid="icon"
          height="24px"
          viewBox="0 0 24 24"
          width="24px"
        >
          <path
            d="M9 16.2L4.8 12l-1.4 1.4L9 19 21 7l-1.4-1.4L9 16.2z"
          />
        </svg>
        <span
          className="typo-body text-gray-500"
          data-testid="typography"
        >
          test 3
        </span>
      </li>
      <li
        className="mb-3 hidden"
      >
        <svg
          className="inline-block mr-5"
          data-testid="icon"
          height="24px"
          viewBox="0 0 24 24"
          width="24px"
        >
          <path
            d="M9 16.2L4.8 12l-1.4 1.4L9 19 21 7l-1.4-1.4L9 16.2z"
          />
        </svg>
        <span
          className="typo-body text-gray-500"
          data-testid="typography"
        >
          test 4
        </span>
      </li>
    </ul>
    <button
      className="flex focus:outline-none"
      data-testid="button"
      onClick={[Function]}
      type="button"
    >
      <svg
        className="mr-5"
        data-testid="icon"
        height="24px"
        viewBox="0 0 24 24"
        width="24px"
      >
        <path
          d="M7.41 8.59L12 13.17l4.59-4.58L18 10l-6 6-6-6 1.41-1.41z"
        />
      </svg>
      View all features
    </button>
  </div>
  <div
    className="min-w-full md:min-w-0"
  >
    <a>
      test
    </a>
  </div>
</div>
`;
