// Jest Snapshot v1, https://goo.gl/fbAQLP

exports[`PricingPlan2 should match snapshot 1`] = `
<div
  className="rounded shadow-lg px-6 py-8"
  data-testid="pricingPlan2"
>
  <div
    className="flex justify-between items-center"
  >
    <h5
      className="typo-headline-5 font-bold"
      data-testid="typography"
    >
      test
    </h5>
    <div
      className="flex flex-row items-baseline"
    >
      <span
        className="typo-headline-5 font-bold"
        data-testid="typography"
      >
        $
        10
      </span>
      <span
        className="typo-body ml-2"
        data-testid="typography"
      >
        monthly
      </span>
    </div>
  </div>
  <div
    className="mt-6 mb-10"
  >
    <ul>
      <li
        className="mb-3"
      >
        <svg
          className="inline-block mr-5"
          data-testid="icon"
          height="24px"
          viewBox="0 0 24 24"
          width="24px"
        >
          <path
            d="M9 16.2L4.8 12l-1.4 1.4L9 19 21 7l-1.4-1.4L9 16.2z"
          />
        </svg>
        <span
          className="typo-body text-gray-500"
          data-testid="typography"
        >
          test 1
        </span>
      </li>
      <li
        className="mb-3"
      >
        <svg
          className="inline-block mr-5"
          data-testid="icon"
          height="24px"
          viewBox="0 0 24 24"
          width="24px"
        >
          <path
            d="M9 16.2L4.8 12l-1.4 1.4L9 19 21 7l-1.4-1.4L9 16.2z"
          />
        </svg>
        <span
          className="typo-body text-gray-500"
          data-testid="typography"
        >
          test 2
        </span>
      </li>
      <li
        className="mb-3"
      >
        <svg
          className="inline-block mr-5"
          data-testid="icon"
          height="24px"
          viewBox="0 0 24 24"
          width="24px"
        >
          <path
            d="M9 16.2L4.8 12l-1.4 1.4L9 19 21 7l-1.4-1.4L9 16.2z"
          />
        </svg>
        <span
          className="typo-body text-gray-500"
          data-testid="typography"
        >
          test 3
        </span>
      </li>
      <li
        className="mb-3"
      >
        <svg
          className="inline-block mr-5"
          data-testid="icon"
          height="24px"
          viewBox="0 0 24 24"
          width="24px"
        >
          <path
            d="M9 16.2L4.8 12l-1.4 1.4L9 19 21 7l-1.4-1.4L9 16.2z"
          />
        </svg>
        <span
          className="typo-body text-gray-500"
          data-testid="typography"
        >
          test 4
        </span>
      </li>
    </ul>
  </div>
  <a>
    test
  </a>
</div>
`;
