// Jest Snapshot v1, https://goo.gl/fbAQLP

exports[`SectionChild should match snapshot 1`] = `
<div
  className="py-8"
/>
`;
