// Jest Snapshot v1, https://goo.gl/fbAQLP

exports[`Footer2 should match snapshot 1`] = `
<div
  className="w-full h-full py-8 bg-white"
  data-testid="footer2"
>
  <div
    className="w-full h-full max-w-content mx-auto items-center flex flex-col md:flex-row"
    data-testid="box"
  >
    <div
      className="flex-1 flex justify-start"
    />
    <div
      className="flex-1 flex w-full text-center my-8 md:my-0 justify-center"
    />
    <p
      className="flex-1 text-center md:text-right my-4 md:my-0"
    />
  </div>
</div>
`;
