// Jest Snapshot v1, https://goo.gl/fbAQLP

exports[`Hero5 should match snapshot 1`] = `
<div
  className="w-screen h-screen flex justify-start foo"
  data-testid="box"
>
  <picture
    className="select-none hidden md:block w-1/2 h-full z-0 absolute"
  >
    <source
      className="select-none object-cover w-full h-full"
      data-testid="image"
      srcSet="https://images.ctfassets.net/o9153kt66j4s/6Ru9unmOhMXrFwKtLV2SRU/7c902fd189741be40f5fef77340cbf1d/placeholder.svg?fm=webp"
      type="image/webp"
    />
    <img
      alt="Image Title"
      className="select-none object-cover w-full h-full"
      src="https://images.ctfassets.net/o9153kt66j4s/6Ru9unmOhMXrFwKtLV2SRU/7c902fd189741be40f5fef77340cbf1d/placeholder.svg"
    />
  </picture>
  <div
    className="w-full h-full flex justify-center items-center p-8"
    data-testid="box"
  >
    <div
      className="w-full h-full max-w-content mx-auto flex justify-end items-center"
      data-testid="box"
    >
      <div
        className="relative z-10 max-w-hero-copy-small text-right md:text-left"
      >
        <h2
          className="typo-headline-3"
          data-testid="typography"
        >
          test title
        </h2>
        <h6
          className="typo-headline-6 mt-3"
          data-testid="typography"
        >
          test subtitle
        </h6>
        <div
          className="flex justify-end md:justify-start mt-8"
        />
      </div>
    </div>
  </div>
</div>
`;
