// Jest Snapshot v1, https://goo.gl/fbAQLP

exports[`Navigation8 should match snapshot 1`] = `
<div
  className="w-full h-full py-8 bg-white"
  data-testid="box"
>
  <nav
    className="w-full h-full max-w-content mx-auto items-center flex flex-col md:flex-row"
    data-testid="navigation8"
  >
    <div
      className="flex flex-col md:flex-row flex-1 w-full justify-start"
    >
      <div
        className="flex flex-grow-0 text-center my-4 md:my-0"
      />
    </div>
    <div
      className="flex-1 flex justify-center"
    />
    <div
      className="flex-1 flex justify-end"
    />
  </nav>
</div>
`;
